// Jest Snapshot v1, https://goo.gl/fbAQLP

exports[`Company test renders company 1`] = `
<div
  className="grid grid-cols-2 w-4/5 m-10 gap-4 md:grid-cols-3 md:w-4/5 md:m-auto"
/>
`;
